D/StrictMode(  184): StrictMode policy violation; ~duration=2302 ms: android.os.StrictMode$StrictModeDiskReadViolation: policy=2711 violation=2
D/StrictMode(  184): 	at android.os.StrictMode$AndroidBlockGuardPolicy.onReadFromDisk(StrictMode.java:1074)
D/StrictMode(  184): 	at android.database.sqlite.SQLiteDatabase.rawQueryWithFactory(SQLiteDatabase.java:1565)
D/StrictMode(  184): 	at android.database.sqlite.SQLiteDatabase.rawQuery(SQLiteDatabase.java:1546)
D/StrictMode(  184): 	at com.android.launcher2.LauncherProvider$DatabaseHelper.initializeMaxId(LauncherProvider.java:597)
D/StrictMode(  184): 	at com.android.launcher2.LauncherProvider$DatabaseHelper.<init>(LauncherProvider.java:221)
D/StrictMode(  184): 	at com.android.launcher2.LauncherProvider.onCreate(LauncherProvider.java:87)
D/StrictMode(  184): 	at android.content.ContentProvider.attachInfo(ContentProvider.java:944)
D/StrictMode(  184): 	at android.app.ActivityThread.installProvider(ActivityThread.java:4713)
D/StrictMode(  184): 	at android.app.ActivityThread.installContentProviders(ActivityThread.java:4478)
D/StrictMode(  184): 	at android.app.ActivityThread.handleBindApplication(ActivityThread.java:4432)
D/StrictMode(  184): 	at android.app.ActivityThread.access$1300(ActivityThread.java:126)
D/StrictMode(  184): 	at android.app.ActivityThread$H.handleMessage(ActivityThread.java:1272)
D/StrictMode(  184): 	at android.os.Handler.dispatchMessage(Handler.java:109)
D/StrictMode(  184): 	at android.os.Looper.loop(Looper.java:155)
D/StrictMode(  184): 	at android.app.ActivityThread.main(ActivityThread.java:4855)
D/StrictMode(  184): 	at java.lang.reflect.Method.invokeNative(Native Method)
D/StrictMode(  184): 	at java.lang.reflect.Method.invoke(Method.java:511)
D/StrictMode(  184): 	at com.android.internal.os.ZygoteInit$MethodAndArgsCaller.run(ZygoteInit.java:786)
D/StrictMode(  184): 	at com.android.internal.os.ZygoteInit.main(ZygoteInit.java:553)
D/StrictMode(  184): 	at dalvik.system.NativeStart.main(Native Method)
D/dalvikvm(   76): GC_FOR_ALLOC freed 185K, 6% free 9103K/9671K, paused 76ms
I/dalvikvm-heap(   76): Grow heap (frag case) to 9.108MB for 186364-byte allocation
D/StrictMode(  184): StrictMode policy violation; ~duration=371 ms: android.os.StrictMode$StrictModeDiskReadViolation: policy=2711 violation=2
D/StrictMode(  184): 	at android.os.StrictMode$AndroidBlockGuardPolicy.onReadFromDisk(StrictMode.java:1074)
D/StrictMode(  184): 	at android.app.SharedPreferencesImpl.awaitLoadedLocked(SharedPreferencesImpl.java:184)
D/StrictMode(  184): 	at android.app.SharedPreferencesImpl.getBoolean(SharedPreferencesImpl.java:241)
D/StrictMode(  184): 	at com.android.launcher2.Launcher.showFirstRunWorkspaceCling(Launcher.java:3202)
D/StrictMode(  184): 	at com.android.launcher2.Launcher.onCreate(Launcher.java:288)
D/StrictMode(  184): 	at android.app.Activity.performCreate(Activity.java:4613)
D/StrictMode(  184): 	at android.app.Instrumentation.callActivityOnCreate(Instrumentation.java:1049)
D/StrictMode(  184): 	at android.app.ActivityThread.performLaunchActivity(ActivityThread.java:2064)
D/StrictMode(  184): 	at android.app.ActivityThread.handleLaunchActivity(ActivityThread.java:2150)
D/StrictMode(  184): 	at android.app.ActivityThread.access$600(ActivityThread.java:126)
D/StrictMode(  184): 	at android.app.ActivityThread$H.handleMessage(ActivityThread.java:1150)
D/StrictMode(  184): 	at android.os.Handler.dispatchMessage(Handler.java:109)
D/StrictMode(  184): 	at android.os.Looper.loop(Looper.java:155)
D/StrictMode(  184): 	at android.app.ActivityThread.main(ActivityThread.java:4855)
D/StrictMode(  184): 	at java.lang.reflect.Method.invokeNative(Native Method)
D/StrictMode(  184): 	at java.lang.reflect.Method.invoke(Method.java:511)
D/StrictMode(  184): 	at com.android.internal.os.ZygoteInit$MethodAndArgsCaller.run(ZygoteInit.java:786)
D/StrictMode(  184): 	at com.android.internal.os.ZygoteInit.main(ZygoteInit.java:553)
D/StrictMode(  184): 	at dalvik.system.NativeStart.main(Native Method)
D/dalvikvm(   76): GC_FOR_ALLOC freed <1K, 6% free 9285K/9863K, paused 50ms
D/StrictMode(  305): StrictMode policy violation; ~duration=175 ms: android.os.StrictMode$StrictModeDiskWriteViolation: policy=2711 violation=1
D/StrictMode(  305): 	at android.os.StrictMode$AndroidBlockGuardPolicy.onWriteToDisk(StrictMode.java:1048)
D/StrictMode(  305): 	at android.database.sqlite.SQLiteStatement.acquireAndLock(SQLiteStatement.java:226)
D/StrictMode(  305): 	at android.database.sqlite.SQLiteStatement.executeUpdateDelete(SQLiteStatement.java:84)
D/StrictMode(  305): 	at android.database.sqlite.SQLiteDatabase.executeSql(SQLiteDatabase.java:1967)
D/StrictMode(  305): 	at android.database.sqlite.SQLiteDatabase.execSQL(SQLiteDatabase.java:1899)
D/StrictMode(  305): 	at android.database.sqlite.SQLiteDatabase.setPageSize(SQLiteDatabase.java:1305)
D/StrictMode(  305): 	at android.database.sqlite.SQLiteDatabase.openDatabase(SQLiteDatabase.java:1003)
D/StrictMode(  305): 	at android.database.sqlite.SQLiteDatabase.openOrCreateDatabase(SQLiteDatabase.java:1059)
D/StrictMode(  305): 	at android.app.ContextImpl.openOrCreateDatabase(ContextImpl.java:775)
D/StrictMode(  305): 	at android.content.ContextWrapper.openOrCreateDatabase(ContextWrapper.java:221)
D/StrictMode(  305): 	at android.database.sqlite.SQLiteOpenHelper.getWritableDatabase(SQLiteOpenHelper.java:157)
D/StrictMode(  305): 	at com.android.providers.calendar.CalendarDatabaseHelper.getWritableDatabase(CalendarDatabaseHelper.java:2735)
D/StrictMode(  305): 	at com.android.providers.calendar.CalendarProvider2.initialize(CalendarProvider2.java:476)
D/StrictMode(  305): 	at com.android.providers.calendar.CalendarProvider2.onCreate(CalendarProvider2.java:460)
D/StrictMode(  305): 	at android.content.ContentProvider.attachInfo(ContentProvider.java:944)
D/StrictMode(  305): 	at android.app.ActivityThread.installProvider(ActivityThread.java:4713)
D/StrictMode(  305): 	at android.app.ActivityThread.installContentProviders(ActivityThread.java:4478)
D/StrictMode(  305): 	at android.app.ActivityThread.handleBindApplication(ActivityThread.java:4432)
D/StrictMode(  305): 	at android.app.ActivityThread.access$1300(ActivityThread.java:126)
D/StrictMode(  305): 	at android.app.ActivityThread$H.handleMessage(ActivityThread.java:1272)
D/StrictMode(  305): 	at android.os.Handler.dispatchMessage(Handler.java:109)
D/StrictMode(  305): 	at android.os.Looper.loop(Looper.java:155)
D/StrictMode(  305): 	at android.app.ActivityThread.main(ActivityThread.java:4855)
D/StrictMode(  305): 	at java.lang.reflect.Method.invokeNative(Native Method)
D/StrictMode(  305): 	at java.lang.reflect.Method.invoke(Method.java:511)
D/StrictMode(  305): 	at com.android.internal.os.ZygoteInit$MethodAndArgsCaller.run(ZygoteInit.java:786)
D/StrictMode(  305): 	at com.android.internal.os.ZygoteInit.main(ZygoteInit.java:553)
D/StrictMode(  305): 	at dalvik.system.NativeStart.main(Native Method)
D/StrictMode(  305): StrictMode policy violation; ~duration=100 ms: android.os.StrictMode$StrictModeDiskReadViolation: policy=2711 violation=2
D/StrictMode(  305): 	at android.os.StrictMode$AndroidBlockGuardPolicy.onReadFromDisk(StrictMode.java:1074)
D/StrictMode(  305): 	at android.database.sqlite.SQLiteStatement.acquireAndLock(SQLiteStatement.java:228)
D/StrictMode(  305): 	at android.database.sqlite.SQLiteStatement.simpleQueryForString(SQLiteStatement.java:160)
D/StrictMode(  305): 	at android.database.DatabaseUtils.stringForQuery(DatabaseUtils.java:735)
D/StrictMode(  305): 	at android.database.DatabaseUtils.stringForQuery(DatabaseUtils.java:723)
D/StrictMode(  305): 	at android.database.sqlite.SQLiteDatabase.setJournalMode(SQLiteDatabase.java:1068)
D/StrictMode(  305): 	at android.database.sqlite.SQLiteDatabase.openDatabase(SQLiteDatabase.java:1004)
D/StrictMode(  305): 	at android.database.sqlite.SQLiteDatabase.openOrCreateDatabase(SQLiteDatabase.java:1059)
D/StrictMode(  305): 	at android.app.ContextImpl.openOrCreateDatabase(ContextImpl.java:775)
D/StrictMode(  305): 	at android.content.ContextWrapper.openOrCreateDatabase(ContextWrapper.java:221)
D/StrictMode(  305): 	at android.database.sqlite.SQLiteOpenHelper.getWritableDatabase(SQLiteOpenHelper.java:157)
D/StrictMode(  305): 	at com.android.providers.calendar.CalendarDatabaseHelper.getWritableDatabase(CalendarDatabaseHelper.java:2735)
D/StrictMode(  305): 	at com.android.providers.calendar.CalendarProvider2.initialize(CalendarProvider2.java:476)
D/StrictMode(  305): 	at com.android.providers.calendar.CalendarProvider2.onCreate(CalendarProvider2.java:460)
D/StrictMode(  305): 	at android.content.ContentProvider.attachInfo(ContentProvider.java:944)
D/StrictMode(  305): 	at android.app.ActivityThread.installProvider(ActivityThread.java:4713)
D/StrictMode(  305): 	at android.app.ActivityThread.installContentProviders(ActivityThread.java:4478)
D/StrictMode(  305): 	at android.app.ActivityThread.handleBindApplication(ActivityThread.java:4432)
D/StrictMode(  305): 	at android.app.ActivityThread.access$1300(ActivityThread.java:126)
D/StrictMode(  305): 	at android.app.ActivityThread$H.handleMessage(ActivityThread.java:1272)
D/StrictMode(  305): 	at android.os.Handler.dispatchMessage(Handler.java:109)
D/StrictMode(  305): 	at android.os.Looper.loop(Looper.java:155)
D/StrictMode(  305): 	at android.app.ActivityThread.main(ActivityThread.java:4855)
D/StrictMode(  305): 	at java.lang.reflect.Method.invokeNative(Native Method)
D/StrictMode(  305): 	at java.lang.reflect.Method.invoke(Method.java:511)
D/StrictMode(  305): 	at com.android.internal.os.ZygoteInit$MethodAndArgsCaller.run(ZygoteInit.java:786)
D/StrictMode(  305): 	at com.android.internal.os.ZygoteInit.main(ZygoteInit.java:553)
D/StrictMode(  305): 	at dalvik.system.NativeStart.main(Native Method)
D/StrictMode(  305): StrictMode policy violation; ~duration=56 ms: android.os.StrictMode$StrictModeDiskReadViolation: policy=2711 violation=2
D/StrictMode(  305): 	at android.os.StrictMode$AndroidBlockGuardPolicy.onReadFromDisk(StrictMode.java:1074)
D/StrictMode(  305): 	at android.database.sqlite.SQLiteStatement.acquireAndLock(SQLiteStatement.java:228)
D/StrictMode(  305): 	at android.database.sqlite.SQLiteStatement.simpleQueryForLong(SQLiteStatement.java:137)
D/StrictMode(  305): 	at android.database.DatabaseUtils.longForQuery(DatabaseUtils.java:713)
D/StrictMode(  305): 	at android.database.DatabaseUtils.longForQuery(DatabaseUtils.java:701)
D/StrictMode(  305): 	at android.database.sqlite.SQLiteDatabase.getVersion(SQLiteDatabase.java:1247)
D/StrictMode(  305): 	at android.database.sqlite.SQLiteOpenHelper.getWritableDatabase(SQLiteOpenHelper.java:160)
D/StrictMode(  305): 	at com.android.providers.calendar.CalendarDatabaseHelper.getWritableDatabase(CalendarDatabaseHelper.java:2735)
D/StrictMode(  305): 	at com.android.providers.calendar.CalendarProvider2.initialize(CalendarProvider2.java:476)
D/StrictMode(  305): 	at com.android.providers.calendar.CalendarProvider2.onCreate(CalendarProvider2.java:460)
D/StrictMode(  305): 	at android.content.ContentProvider.attachInfo(ContentProvider.java:944)
D/StrictMode(  305): 	at android.app.ActivityThread.installProvider(ActivityThread.java:4713)
D/StrictMode(  305): 	at android.app.ActivityThread.installContentProviders(ActivityThread.java:4478)
D/StrictMode(  305): 	at android.app.ActivityThread.handleBindApplication(ActivityThread.java:4432)
D/StrictMode(  305): 	at android.app.ActivityThread.access$1300(ActivityThread.java:126)
D/StrictMode(  305): 	at android.app.ActivityThread$H.handleMessage(ActivityThread.java:1272)
D/StrictMode(  305): 	at android.os.Handler.dispatchMessage(Handler.java:109)
D/StrictMode(  305): 	at android.os.Looper.loop(Looper.java:155)
D/StrictMode(  305): 	at android.app.ActivityThread.main(ActivityThread.java:4855)
D/StrictMode(  305): 	at java.lang.reflect.Method.invokeNative(Native Method)
D/StrictMode(  305): 	at java.lang.reflect.Method.invoke(Method.java:511)
D/StrictMode(  305): 	at com.android.internal.os.ZygoteInit$MethodAndArgsCaller.run(ZygoteInit.java:786)
D/StrictMode(  305): 	at com.android.internal.os.ZygoteInit.main(ZygoteInit.java:553)
D/StrictMode(  305): 	at dalvik.system.NativeStart.main(Native Method)
D/dalvikvm(   76): GC_FOR_ALLOC freed 168K, 8% free 9138K/9863K, paused 76ms
I/dalvikvm-heap(   76): Grow heap (frag case) to 9.098MB for 139854-byte allocation
D/dalvikvm(   76): GC_FOR_ALLOC freed 7K, 8% free 9267K/10055K, paused 43ms
D/StrictMode(  305): StrictMode policy violation; ~duration=51 ms: android.os.StrictMode$StrictModeDiskReadViolation: policy=2711 violation=2
D/StrictMode(  305): 	at android.os.StrictMode$AndroidBlockGuardPolicy.onReadFromDisk(StrictMode.java:1074)
D/StrictMode(  305): 	at android.database.sqlite.SQLiteStatement.acquireAndLock(SQLiteStatement.java:228)
D/StrictMode(  305): 	at android.database.sqlite.SQLiteStatement.simpleQueryForLong(SQLiteStatement.java:137)
D/StrictMode(  305): 	at android.database.DatabaseUtils.longForQuery(DatabaseUtils.java:713)
D/StrictMode(  305): 	at android.database.DatabaseUtils.longForQuery(DatabaseUtils.java:701)
D/StrictMode(  305): 	at com.android.common.content.SyncStateContentProviderHelper.onDatabaseOpened(SyncStateContentProviderHelper.java:73)
D/StrictMode(  305): 	at com.android.providers.calendar.CalendarDatabaseHelper.onOpen(CalendarDatabaseHelper.java:271)
D/StrictMode(  305): 	at android.database.sqlite.SQLiteOpenHelper.getWritableDatabase(SQLiteOpenHelper.java:180)
D/StrictMode(  305): 	at com.android.providers.calendar.CalendarDatabaseHelper.getWritableDatabase(CalendarDatabaseHelper.java:2735)
D/StrictMode(  305): 	at com.android.providers.calendar.CalendarProvider2.initialize(CalendarProvider2.java:476)
D/StrictMode(  305): 	at com.android.providers.calendar.CalendarProvider2.onCreate(CalendarProvider2.java:460)
D/StrictMode(  305): 	at android.content.ContentProvider.attachInfo(ContentProvider.java:944)
D/StrictMode(  305): 	at android.app.ActivityThread.installProvider(ActivityThread.java:4713)
D/StrictMode(  305): 	at android.app.ActivityThread.installContentProviders(ActivityThread.java:4478)
D/StrictMode(  305): 	at android.app.ActivityThread.handleBindApplication(ActivityThread.java:4432)
D/StrictMode(  305): 	at android.app.ActivityThread.access$1300(ActivityThread.java:126)
D/StrictMode(  305): 	at android.app.ActivityThread$H.handleMessage(ActivityThread.java:1272)
D/StrictMode(  305): 	at android.os.Handler.dispatchMessage(Handler.java:109)
D/StrictMode(  305): 	at android.os.Looper.loop(Looper.java:155)
D/StrictMode(  305): 	at android.app.ActivityThread.main(ActivityThread.java:4855)
D/StrictMode(  305): 	at java.lang.reflect.Method.invokeNative(Native Method)
D/StrictMode(  305): 	at java.lang.reflect.Method.invoke(Method.java:511)
D/StrictMode(  305): 	at com.android.internal.os.ZygoteInit$MethodAndArgsCaller.run(ZygoteInit.java:786)
D/StrictMode(  305): 	at com.android.internal.os.ZygoteInit.main(ZygoteInit.java:553)
D/StrictMode(  305): 	at dalvik.system.NativeStart.main(Native Method)
D/dalvikvm(  184): GC_CONCURRENT freed 342K, 6% free 7474K/7879K, paused 3ms+23ms
I/WindowManager(   76): createSurface Window{412a3b30 com.android.launcher/com.android.launcher2.Launcher paused=false}: DRAW NOW PENDING
D/gralloc_goldfish(  184): Emulator without GPU emulation detected.
W/TextLayoutCache(  184): computeValuesWithHarfbuzz -- need to force to single run
I/SurfaceFlinger(   34): Boot is finished (18014 ms)
D/PowerManagerService(   76): bootCompleted
V/DevicePolicyManagerService(   76): Sending password expiration notifications for action android.intent.action.BOOT_COMPLETED
D/VoldCmdListener(   29): volume mount /mnt/sdcard
I/Vold    (   29): /dev/block/vold/179:0 being considered for volume sdcard
D/Vold    (   29): Volume sdcard state changing 1 (Idle-Unmounted) -> 3 (Checking)
D/MountService(   76): volume state changed for /mnt/sdcard (unmounted -> checking)
D/MountService(   76): sendStorageIntent Intent { act=android.intent.action.MEDIA_CHECKING dat=file:///mnt/sdcard (has extras) }
I/StorageNotification(  137): Media {/mnt/sdcard} state changed from {unmounted} -> {checking}
I//system/bin/fsck_msdos(   29): ** /dev/block/vold/179:0
I/ActivityManager(   76): Start proc com.android.contacts for broadcast com.android.contacts/.calllog.CallLogReceiver: pid=323 uid=10002 gids={3003, 1015}
V/WiredAccessoryObserver(   76): init()
W/WiredAccessoryObserver(   76): This kernel does not have wired headset support
W/WiredAccessoryObserver(   76): This kernel does not have wired headset support
W/WiredAccessoryObserver(   76): This kernel does not have wired headset support
D/StrictMode(   76): StrictMode policy violation; ~duration=23 ms: android.os.StrictMode$StrictModeDiskReadViolation: policy=151 violation=2
D/StrictMode(   76): 	at android.os.StrictMode$AndroidBlockGuardPolicy.onReadFromDisk(StrictMode.java:1074)
D/StrictMode(   76): 	at libcore.io.BlockGuardOs.open(BlockGuardOs.java:94)
D/StrictMode(   76): 	at libcore.io.IoBridge.open(IoBridge.java:390)
D/StrictMode(   76): 	at java.io.FileInputStream.<init>(FileInputStream.java:78)
D/StrictMode(   76): 	at java.io.FileInputStream.<init>(FileInputStream.java:105)
D/StrictMode(   76): 	at java.io.FileReader.<init>(FileReader.java:66)
D/StrictMode(   76): 	at com.android.server.WiredAccessoryObserver.init(WiredAccessoryObserver.java:137)
D/StrictMode(   76): 	at com.android.server.WiredAccessoryObserver.access$100(WiredAccessoryObserver.java:39)
D/StrictMode(   76): 	at com.android.server.WiredAccessoryObserver$BootCompletedReceiver.onReceive(WiredAccessoryObserver.java:87)
D/StrictMode(   76): 	at android.app.LoadedApk$ReceiverDispatcher$Args.run(LoadedApk.java:757)
D/StrictMode(   76): 	at android.os.Handler.handleCallback(Handler.java:624)
D/StrictMode(   76): 	at android.os.Handler.dispatchMessage(Handler.java:99)
D/StrictMode(   76): 	at android.os.Looper.loop(Looper.java:155)
D/StrictMode(   76): 	at com.android.server.ServerThread.run(SystemServer.java:744)
E/dalvikvm(  323): ABC: process name : com.android.contacts
V/OtaStartupReceiver(  176): onReceive: intent action=android.intent.action.BOOT_COMPLETED  mOtaspMode=-1
D/OtaStartupReceiver(  176): OTASP not supported, nothing to do.
W/ActivityManager(   76): Permission Denial: receiving Intent { act=android.intent.action.BOOT_COMPLETED flg=0x10 } to com.android.musicfx requires android.permission.RECEIVE_BOOT_COMPLETED due to sender null (uid 1000)
I/AccountTypeManager(  323): Loaded meta-data for 1 account types, 0 accounts in 202ms(wall) 21ms(cpu)
I/RecoverySystem(   76): No recovery log file
I/ActivityManager(   76): Start proc com.android.email for broadcast com.android.email/.service.EmailBroadcastReceiver: pid=358 uid=10010 gids={3003, 1015}
I/ActivityManager(   76): Start proc android.process.media for content provider com.android.providers.downloads/.DownloadProvider: pid=367 uid=10011 gids={1015, 1023, 1024, 2001, 3003, 3007}
E/dalvikvm(  358): ABC: process name : com.android.email
E/dalvikvm(  367): ABC: process name : android.process.media
I//system/bin/fsck_msdos(   29): ** Phase 1 - Read and Compare FATs
D/dalvikvm(  184): GC_FOR_ALLOC freed 148K, 4% free 7647K/7943K, paused 113ms
I//system/bin/fsck_msdos(   29): Attempting to allocate 79 KB for FAT
I/ActivityThread(  367): Pub media: com.android.providers.media.MediaProvider
D/dalvikvm(  184): GC_FOR_ALLOC freed 133K, 6% free 7665K/8135K, paused 91ms
I/dalvikvm-heap(  184): Grow heap (frag case) to 7.664MB for 153680-byte allocation
D/Tethering(   76): Tethering got CONNECTIVITY_ACTION
D/Tethering(   76): MasterInitialState.processMessage what=3
D/dalvikvm(  184): GC_FOR_ALLOC freed <1K, 7% free 7814K/8327K, paused 121ms
I/ActivityThread(  358): Pub com.android.email.provider;com.android.email.notifier: com.android.email.provider.EmailProvider
I/ActivityThread(  367): Pub downloads: com.android.providers.downloads.DownloadProvider
D/dalvikvm(  184): GC_FOR_ALLOC freed <1K, 7% free 7815K/8327K, paused 62ms
I/dalvikvm-heap(  184): Grow heap (frag case) to 7.810MB for 153680-byte allocation
I/ActivityThread(  367): Pub drm: com.android.providers.drm.DrmProvider
I/DownloadManager(  367): in removeSpuriousFiles
I/ActivityThread(  358): Pub com.android.email.attachmentprovider: com.android.email.provider.AttachmentProvider
D/dalvikvm(  184): GC_FOR_ALLOC freed <1K, 7% free 7965K/8519K, paused 68ms
I/ActivityManager(   76): Start proc com.android.exchange for service com.android.exchange/.ExchangeService: pid=398 uid=10028 gids={3003, 1015}
D/StrictMode(  358): StrictMode policy violation; ~duration=143 ms: android.os.StrictMode$StrictModeDiskReadViolation: policy=2711 violation=2
D/StrictMode(  358): 	at android.os.StrictMode$AndroidBlockGuardPolicy.onReadFromDisk(StrictMode.java:1074)
D/StrictMode(  358): 	at android.app.SharedPreferencesImpl.awaitLoadedLocked(SharedPreferencesImpl.java:184)
D/StrictMode(  358): 	at android.app.SharedPreferencesImpl.getBoolean(SharedPreferencesImpl.java:241)
D/StrictMode(  358): 	at com.android.email.Preferences.getEnableDebugLogging(Preferences.java:119)
D/StrictMode(  358): 	at com.android.email.Email.onCreate(Email.java:201)
D/StrictMode(  358): 	at android.app.Instrumentation.callApplicationOnCreate(Instrumentation.java:969)
D/StrictMode(  358): 	at android.app.ActivityThread.handleBindApplication(ActivityThread.java:4440)
D/StrictMode(  358): 	at android.app.ActivityThread.access$1300(ActivityThread.java:126)
D/StrictMode(  358): 	at android.app.ActivityThread$H.handleMessage(ActivityThread.java:1272)
D/StrictMode(  358): 	at android.os.Handler.dispatchMessage(Handler.java:109)
D/StrictMode(  358): 	at android.os.Looper.loop(Looper.java:155)
D/StrictMode(  358): 	at android.app.ActivityThread.main(ActivityThread.java:4855)
D/StrictMode(  358): 	at java.lang.reflect.Method.invokeNative(Native Method)
D/StrictMode(  358): 	at java.lang.reflect.Method.invoke(Method.java:511)
D/StrictMode(  358): 	at com.android.internal.os.ZygoteInit$MethodAndArgsCaller.run(ZygoteInit.java:786)
D/StrictMode(  358): 	at com.android.internal.os.ZygoteInit.main(ZygoteInit.java:553)
D/StrictMode(  358): 	at dalvik.system.NativeStart.main(Native Method)
D/StrictMode(  305): StrictMode policy violation; ~duration=32 ms: android.os.StrictMode$StrictModeDiskWriteViolation: policy=2711 violation=1
D/StrictMode(  305): 	at android.os.StrictMode$AndroidBlockGuardPolicy.onWriteToDisk(StrictMode.java:1048)
D/StrictMode(  305): 	at android.database.sqlite.SQLiteStatement.acquireAndLock(SQLiteStatement.java:226)
D/StrictMode(  305): 	at android.database.sqlite.SQLiteStatement.executeUpdateDelete(SQLiteStatement.java:84)
D/StrictMode(  305): 	at android.database.sqlite.SQLiteDatabase.executeSql(SQLiteDatabase.java:1967)
D/StrictMode(  305): 	at android.database.sqlite.SQLiteDatabase.execSQL(SQLiteDatabase.java:1899)
D/StrictMode(  305): 	at android.database.sqlite.SQLiteDatabase.beginTransaction(SQLiteDatabase.java:667)
D/StrictMode(  305): 	at android.database.sqlite.SQLiteDatabase.beginTransactionWithListener(SQLiteDatabase.java:613)
D/StrictMode(  305): 	at com.android.providers.calendar.SQLiteContentProvider.update(SQLiteContentProvider.java:145)
D/StrictMode(  305): 	at android.content.ContentProvider$Transport.update(ContentProvider.java:219)
D/StrictMode(  305): 	at android.content.ContentResolver.update(ContentResolver.java:855)
D/StrictMode(  305): 	at com.android.providers.calendar.CalendarReceiver.onReceive(CalendarReceiver.java:49)
D/StrictMode(  305): 	at android.app.ActivityThread.handleReceiver(ActivityThread.java:2349)
D/StrictMode(  305): 	at android.app.ActivityThread.access$1500(ActivityThread.java:126)
D/StrictMode(  305): 	at android.app.ActivityThread$H.handleMessage(ActivityThread.java:1293)
D/StrictMode(  305): 	at android.os.Handler.dispatchMessage(Handler.java:109)
D/StrictMode(  305): 	at android.os.Looper.loop(Looper.java:155)
D/StrictMode(  305): 	at android.app.ActivityThread.main(ActivityThread.java:4855)
D/StrictMode(  305): 	at java.lang.reflect.Method.invokeNative(Native Method)
D/StrictMode(  305): 	at java.lang.reflect.Method.invoke(Method.java:511)
D/StrictMode(  305): 	at com.android.internal.os.ZygoteInit$MethodAndArgsCaller.run(ZygoteInit.java:786)
D/StrictMode(  305): 	at com.android.internal.os.ZygoteInit.main(ZygoteInit.java:553)
D/StrictMode(  305): 	at dalvik.system.NativeStart.main(Native Method)
E/dalvikvm(  398): ABC: process name : com.android.exchange
I/ActivityManager(   76): Start proc com.android.voicedialer for broadcast com.android.voicedialer/.VoiceDialerReceiver: pid=410 uid=10022 gids={3002}
D/dalvikvm(   76): GC_EXPLICIT freed 723K, 11% free 9037K/10055K, paused 3ms+5ms
E/dalvikvm(  410): ABC: process name : com.android.voicedialer
I/ActivityThread(  398): Pub com.android.exchange.directory.provider: com.android.exchange.provider.ExchangeDirectoryProvider
D/StrictMode(  305): StrictMode policy violation; ~duration=21 ms: android.os.StrictMode$StrictModeDiskWriteViolation: policy=2711 violation=1
D/StrictMode(  305): 	at android.os.StrictMode$AndroidBlockGuardPolicy.onWriteToDisk(StrictMode.java:1048)
D/StrictMode(  305): 	at android.database.sqlite.SQLiteStatement.acquireAndLock(SQLiteStatement.java:226)
D/StrictMode(  305): 	at android.database.sqlite.SQLiteStatement.executeUpdateDelete(SQLiteStatement.java:84)
D/StrictMode(  305): 	at android.database.sqlite.SQLiteDatabase.executeSql(SQLiteDatabase.java:1967)
D/StrictMode(  305): 	at android.database.sqlite.SQLiteDatabase.execSQL(SQLiteDatabase.java:1899)
D/StrictMode(  305): 	at android.database.sqlite.SQLiteDatabase.endTransaction(SQLiteDatabase.java:722)
D/StrictMode(  305): 	at com.android.providers.calendar.SQLiteContentProvider.update(SQLiteContentProvider.java:154)
D/StrictMode(  305): 	at android.content.ContentProvider$Transport.update(ContentProvider.java:219)
D/StrictMode(  305): 	at android.content.ContentResolver.update(ContentResolver.java:855)
D/StrictMode(  305): 	at com.android.providers.calendar.CalendarReceiver.onReceive(CalendarReceiver.java:49)
D/StrictMode(  305): 	at android.app.ActivityThread.handleReceiver(ActivityThread.java:2349)
D/StrictMode(  305): 	at android.app.ActivityThread.access$1500(ActivityThread.java:126)
D/StrictMode(  305): 	at android.app.ActivityThread$H.handleMessage(ActivityThread.java:1293)
D/StrictMode(  305): 	at android.os.Handler.dispatchMessage(Handler.java:109)
D/StrictMode(  305): 	at android.os.Looper.loop(Looper.java:155)
D/StrictMode(  305): 	at android.app.ActivityThread.main(ActivityThread.java:4855)
D/StrictMode(  305): 	at java.lang.reflect.Method.invokeNative(Native Method)
D/StrictMode(  305): 	at java.lang.reflect.Method.invoke(Method.java:511)
D/StrictMode(  305): 	at com.android.internal.os.ZygoteInit$MethodAndArgsCaller.run(ZygoteInit.java:786)
D/StrictMode(  305): 	at com.android.internal.os.ZygoteInit.main(ZygoteInit.java:553)
D/StrictMode(  305): 	at dalvik.system.NativeStart.main(Native Method)
I/ActivityManager(   76): Start proc com.android.mms for broadcast com.android.mms/.transaction.MmsSystemEventReceiver: pid=428 uid=10029 gids={3003, 1015}
D/ExchangeService(  398): !!! EAS ExchangeService, onStartCommand, startingUp = false, running = false
E/dalvikvm(  428): ABC: process name : com.android.mms
I/ActivityThread(  428): Pub mms_temp_file: com.android.mms.TempFileProvider
I/ActivityThread(  428): Pub com.android.mms.SuggestionsProvider: com.android.mms.SuggestionsProvider
V/MmsConfig(  428): mnc/mcc: 310260
V/MmsConfig(  428): tag: bool value: enabledMMS - true
V/MmsConfig(  428): tag: int value: maxMessageSize - 307200
V/MmsConfig(  428): tag: int value: maxImageHeight - 480
V/MmsConfig(  428): tag: int value: maxImageWidth - 640
V/MmsConfig(  428): tag: int value: defaultSMSMessagesPerThread - 500
V/MmsConfig(  428): tag: int value: defaultMMSMessagesPerThread - 50
V/MmsConfig(  428): tag: int value: minMessageCountPerThread - 10
V/MmsConfig(  428): tag: int value: maxMessageCountPerThread - 5000
V/MmsConfig(  428): tag: string value: uaProfUrl - http://www.google.com/oha/rdf/ua-profile-kila.xml
V/MmsConfig(  428): tag: int value: recipientLimit - -1
V/MmsConfig(  428): tag: int value: smsToMmsTextThreshold - 4
V/MmsConfig(  428): tag: bool value: enableMultipartSMS - true
V/MmsConfig(  428): tag: bool value: enableSlideDuration - true
V/MmsConfig(  428): tag: int value: maxMessageTextSize - -1
D/Eas Debug(  398): Logging: 
D/MmsSmsDatabaseHelper(  176): [MmsSmsDb] hasAutoIncrement: CREATE TABLE threads (_id INTEGER PRIMARY KEY AUTOINCREMENT,date INTEGER DEFAULT 0,message_count INTEGER DEFAULT 0,recipient_ids TEXT,snippet TEXT,snippet_cs INTEGER DEFAULT 0,read INTEGER DEFAULT 1,type INTEGER DEFAULT 0,error INTEGER DEFAULT 0,has_attachment INTEGER DEFAULT 0) result: true
D/MmsSmsDatabaseHelper(  176): [getWritableDatabase] hasAutoIncrement: true
I//system/bin/fsck_msdos(   29): Attempting to allocate 79 KB for FAT
D/CountryDetectorService(   76): The first listener is added
D/StrictMode(  428): StrictMode policy violation; ~duration=245 ms: android.os.StrictMode$StrictModeDiskReadViolation: policy=2711 violation=2
D/StrictMode(  428): 	at android.os.StrictMode$AndroidBlockGuardPolicy.onReadFromDisk(StrictMode.java:1074)
D/StrictMode(  428): 	at android.app.SharedPreferencesImpl.awaitLoadedLocked(SharedPreferencesImpl.java:184)
D/StrictMode(  428): 	at android.app.SharedPreferencesImpl.getBoolean(SharedPreferencesImpl.java:241)
D/StrictMode(  428): 	at android.preference.PreferenceManager.setDefaultValues(PreferenceManager.java:458)
D/StrictMode(  428): 	at android.preference.PreferenceManager.setDefaultValues(PreferenceManager.java:440)
D/StrictMode(  428): 	at com.android.mms.MmsApp.onCreate(MmsApp.java:64)
D/StrictMode(  428): 	at android.app.Instrumentation.callApplicationOnCreate(Instrumentation.java:969)
D/StrictMode(  428): 	at android.app.ActivityThread.handleBindApplication(ActivityThread.java:4440)
D/StrictMode(  428): 	at android.app.ActivityThread.access$1300(ActivityThread.java:126)
D/StrictMode(  428): 	at android.app.ActivityThread$H.handleMessage(ActivityThread.java:1272)
D/StrictMode(  428): 	at android.os.Handler.dispatchMessage(Handler.java:109)
D/StrictMode(  428): 	at android.os.Looper.loop(Looper.java:155)
D/StrictMode(  428): 	at android.app.ActivityThread.main(ActivityThread.java:4855)
D/StrictMode(  428): 	at java.lang.reflect.Method.invokeNative(Native Method)
D/StrictMode(  428): 	at java.lang.reflect.Method.invoke(Method.java:511)
D/StrictMode(  428): 	at com.android.internal.os.ZygoteInit$MethodAndArgsCaller.run(ZygoteInit.java:786)
D/StrictMode(  428): 	at com.android.internal.os.ZygoteInit.main(ZygoteInit.java:553)
D/StrictMode(  428): 	at dalvik.system.NativeStart.main(Native Method)
D/StrictMode(  428): StrictMode policy violation; ~duration=166 ms: android.os.StrictMode$StrictModeDiskReadViolation: policy=2711 violation=2
D/StrictMode(  428): 	at android.os.StrictMode$AndroidBlockGuardPolicy.onReadFromDisk(StrictMode.java:1074)
D/StrictMode(  428): 	at android.app.SharedPreferencesImpl.awaitLoadedLocked(SharedPreferencesImpl.java:184)
D/StrictMode(  428): 	at android.app.SharedPreferencesImpl.getBoolean(SharedPreferencesImpl.java:241)
D/StrictMode(  428): 	at com.android.mms.util.DownloadManager.getAutoDownloadState(DownloadManager.java:154)
D/StrictMode(  428): 	at com.android.mms.util.DownloadManager.getAutoDownloadState(DownloadManager.java:150)
D/StrictMode(  428): 	at com.android.mms.util.DownloadManager.<init>(DownloadManager.java:121)
D/StrictMode(  428): 	at com.android.mms.util.DownloadManager.init(DownloadManager.java:139)
D/StrictMode(  428): 	at com.android.mms.MmsApp.onCreate(MmsApp.java:70)
D/StrictMode(  428): 	at android.app.Instrumentation.callApplicationOnCreate(Instrumentation.java:969)
D/StrictMode(  428): 	at android.app.ActivityThread.handleBindApplication(ActivityThread.java:4440)
D/StrictMode(  428): 	at android.app.ActivityThread.access$1300(ActivityThread.java:126)
D/StrictMode(  428): 	at android.app.ActivityThread$H.handleMessage(ActivityThread.java:1272)
D/StrictMode(  428): 	at android.os.Handler.dispatchMessage(Handler.java:109)
D/StrictMode(  428): 	at android.os.Looper.loop(Looper.java:155)
D/StrictMode(  428): 	at android.app.ActivityThread.main(ActivityThread.java:4855)
D/StrictMode(  428): 	at java.lang.reflect.Method.invokeNative(Native Method)
D/StrictMode(  428): 	at java.lang.reflect.Method.invoke(Method.java:511)
D/StrictMode(  428): 	at com.android.internal.os.ZygoteInit$MethodAndArgsCaller.run(ZygoteInit.java:786)
D/StrictMode(  428): 	at com.android.internal.os.ZygoteInit.main(ZygoteInit.java:553)
D/StrictMode(  428): 	at dalvik.system.NativeStart.main(Native Method)
D/StrictMode(  428): StrictMode policy violation; ~duration=123 ms: android.os.StrictMode$StrictModeDiskWriteViolation: policy=2967 violation=1
D/StrictMode(  428): 	at android.os.StrictMode$AndroidBlockGuardPolicy.onWriteToDisk(StrictMode.java:1048)
D/StrictMode(  428): 	at android.database.sqlite.SQLiteStatement.acquireAndLock(SQLiteStatement.java:226)
D/StrictMode(  428): 	at android.database.sqlite.SQLiteStatement.executeUpdateDelete(SQLiteStatement.java:84)
D/StrictMode(  428): 	at android.database.sqlite.SQLiteDatabase.executeSql(SQLiteDatabase.java:1967)
D/StrictMode(  428): 	at android.database.sqlite.SQLiteDatabase.execSQL(SQLiteDatabase.java:1899)
D/StrictMode(  428): 	at android.database.sqlite.SQLiteDatabase.setPageSize(SQLiteDatabase.java:1305)
D/StrictMode(  428): 	at android.database.sqlite.SQLiteDatabase.openDatabase(SQLiteDatabase.java:1003)
D/StrictMode(  428): 	at android.database.sqlite.SQLiteDatabase.openOrCreateDatabase(SQLiteDatabase.java:1059)
D/StrictMode(  428): 	at android.app.ContextImpl.openOrCreateDatabase(ContextImpl.java:775)
D/StrictMode(  428): 	at android.database.sqlite.SQLiteOpenHelper.getWritableDatabase(SQLiteOpenHelper.java:157)
D/StrictMode(  428): 	at com.android.providers.telephony.MmsSmsDatabaseHelper.getWritableDatabase(MmsSmsDatabaseHelper.java:1348)
D/StrictMode(  428): 	at com.android.providers.telephony.MmsProvider.delete(MmsProvider.java:552)
D/StrictMode(  428): 	at android.content.ContentProvider$Transport.delete(ContentProvider.java:213)
D/StrictMode(  428): 	at android.content.ContentProviderNative.onTransact(ContentProviderNative.java:192)
D/StrictMode(  428): 	at android.os.Binder.execTransact(Binder.java:338)
D/StrictMode(  428): 	at dalvik.system.NativeStart.run(Native Method)
D/StrictMode(  428): # via Binder call with stack:
D/StrictMode(  428): android.os.StrictMode$LogStackTrace
D/StrictMode(  428): 	at android.os.StrictMode.readAndHandleBinderCallViolations(StrictMode.java:1602)
D/StrictMode(  428): 	at android.os.Parcel.readExceptionCode(Parcel.java:1309)
D/StrictMode(  428): 	at android.database.DatabaseUtils.readExceptionFromParcel(DatabaseUtils.java:132)
D/StrictMode(  428): 	at android.content.ContentProviderProxy.delete(ContentProviderNative.java:479)
D/StrictMode(  428): 	at android.content.ContentResolver.delete(ContentResolver.java:821)
D/StrictMode(  428): 	at android.database.sqlite.SqliteWrapper.delete(SqliteWrapper.java:90)
D/StrictMode(  428): 	at com.android.mms.drm.DrmUtils.cleanupStorage(DrmUtils.java:39)
D/StrictMode(  428): 	at com.android.mms.MmsApp.onCreate(MmsApp.java:72)
D/StrictMode(  428): 	at android.app.Instrumentation.callApplicationOnCreate(Instrumentation.java:969)
D/StrictMode(  428): 	at android.app.ActivityThread.handleBindApplication(ActivityThread.java:4440)
D/StrictMode(  428): 	at android.app.ActivityThread.access$1300(ActivityThread.java:126)
D/StrictMode(  428): 	at android.app.ActivityThread$H.handleMessage(ActivityThread.java:1272)
D/StrictMode(  428): 	at android.os.Handler.dispatchMessage(Handler.java:109)
D/StrictMode(  428): 	at android.os.Looper.loop(Looper.java:155)
D/StrictMode(  428): 	at android.app.ActivityThread.main(ActivityThread.java:4855)
D/StrictMode(  428): 	at java.lang.reflect.Method.invokeNative(Native Method)
D/StrictMode(  428): 	at java.lang.reflect.Method.invoke(Method.java:511)
D/StrictMode(  428): 	at com.android.internal.os.ZygoteInit$MethodAndArgsCaller.run(ZygoteInit.java:786)
D/StrictMode(  428): 	at com.android.internal.os.ZygoteInit.main(ZygoteInit.java:553)
D/StrictMode(  428): 	at dalvik.system.NativeStart.main(Native Method)
D/dalvikvm(  428): GC_CONCURRENT freed 338K, 6% free 6991K/7367K, paused 3ms+3ms
D/StrictMode(  428): StrictMode policy violation; ~duration=119 ms: android.os.StrictMode$StrictModeDiskReadViolation: policy=2967 violation=2
D/StrictMode(  428): 	at android.os.StrictMode$AndroidBlockGuardPolicy.onReadFromDisk(StrictMode.java:1074)
D/StrictMode(  428): 	at android.database.sqlite.SQLiteStatement.acquireAndLock(SQLiteStatement.java:228)
D/StrictMode(  428): 	at android.database.sqlite.SQLiteStatement.simpleQueryForString(SQLiteStatement.java:160)
D/StrictMode(  428): 	at android.database.DatabaseUtils.stringForQuery(DatabaseUtils.java:735)
D/StrictMode(  428): 	at android.database.DatabaseUtils.stringForQuery(DatabaseUtils.java:723)
D/StrictMode(  428): 	at android.database.sqlite.SQLiteDatabase.setJournalMode(SQLiteDatabase.java:1068)
D/StrictMode(  428): 	at android.database.sqlite.SQLiteDatabase.openDatabase(SQLiteDatabase.java:1004)
D/StrictMode(  428): 	at android.database.sqlite.SQLiteDatabase.openOrCreateDatabase(SQLiteDatabase.java:1059)
D/StrictMode(  428): 	at android.app.ContextImpl.openOrCreateDatabase(ContextImpl.java:775)
D/StrictMode(  428): 	at android.database.sqlite.SQLiteOpenHelper.getWritableDatabase(SQLiteOpenHelper.java:157)
D/StrictMode(  428): 	at com.android.providers.telephony.MmsSmsDatabaseHelper.getWritableDatabase(MmsSmsDatabaseHelper.java:1348)
D/StrictMode(  428): 	at com.android.providers.telephony.MmsProvider.delete(MmsProvider.java:552)
D/StrictMode(  428): 	at android.content.ContentProvider$Transport.delete(ContentProvider.java:213)
D/StrictMode(  428): 	at android.content.ContentProviderNative.onTransact(ContentProviderNative.java:192)
D/StrictMode(  428): 	at android.os.Binder.execTransact(Binder.java:338)
D/StrictMode(  428): 	at dalvik.system.NativeStart.run(Native Method)
D/StrictMode(  428): # via Binder call with stack:
D/StrictMode(  428): android.os.StrictMode$LogStackTrace
D/StrictMode(  428): 	at android.os.StrictMode.readAndHandleBinderCallViolations(StrictMode.java:1602)
D/StrictMode(  428): 	at android.os.Parcel.readExceptionCode(Parcel.java:1309)
D/StrictMode(  428): 	at android.database.DatabaseUtils.readExceptionFromParcel(DatabaseUtils.java:132)
D/StrictMode(  428): 	at android.content.ContentProviderProxy.delete(ContentProviderNative.java:479)
D/StrictMode(  428): 	at android.content.ContentResolver.delete(ContentResolver.java:821)
D/StrictMode(  428): 	at android.database.sqlite.SqliteWrapper.delete(SqliteWrapper.java:90)
D/StrictMode(  428): 	at com.android.mms.drm.DrmUtils.cleanupStorage(DrmUtils.java:39)
D/StrictMode(  428): 	at com.android.mms.MmsApp.onCreate(MmsApp.java:72)
D/StrictMode(  428): 	at android.app.Instrumentation.callApplicationOnCreate(Instrumentation.java:969)
D/StrictMode(  428): 	at android.app.ActivityThread.handleBindApplication(ActivityThread.java:4440)
D/StrictMode(  428): 	at android.app.ActivityThread.access$1300(ActivityThread.java:126)
D/StrictMode(  428): 	at android.app.ActivityThread$H.handleMessage(ActivityThread.java:1272)
D/StrictMode(  428): 	at android.os.Handler.dispatchMessage(Handler.java:109)
D/StrictMode(  428): 	at android.os.Looper.loop(Looper.java:155)
D/StrictMode(  428): 	at android.app.ActivityThread.main(ActivityThread.java:4855)
D/StrictMode(  428): 	at java.lang.reflect.Method.invokeNative(Native Method)
D/StrictMode(  428): 	at java.lang.reflect.Method.invoke(Method.java:511)
D/StrictMode(  428): 	at com.android.internal.os.ZygoteInit$MethodAndArgsCaller.run(ZygoteInit.java:786)
D/StrictMode(  428): 	at com.android.internal.os.ZygoteInit.main(ZygoteInit.java:553)
D/StrictMode(  428): 	at dalvik.system.NativeStart.main(Native Method)
D/StrictMode(  428): StrictMode policy violation; ~duration=116 ms: android.os.StrictMode$StrictModeDiskReadViolation: policy=2967 violation=2
D/StrictMode(  428): 	at android.os.StrictMode$AndroidBlockGuardPolicy.onReadFromDisk(StrictMode.java:1074)
D/StrictMode(  428): 	at android.database.sqlite.SQLiteStatement.acquireAndLock(SQLiteStatement.java:228)
D/StrictMode(  428): 	at android.database.sqlite.SQLiteStatement.simpleQueryForLong(SQLiteStatement.java:137)
D/StrictMode(  428): 	at android.database.DatabaseUtils.longForQuery(DatabaseUtils.java:713)
D/StrictMode(  428): 	at android.database.DatabaseUtils.longForQuery(DatabaseUtils.java:701)
D/StrictMode(  428): 	at android.database.sqlite.SQLiteDatabase.getVersion(SQLiteDatabase.java:1247)
D/StrictMode(  428): 	at android.database.sqlite.SQLiteOpenHelper.getWritableDatabase(SQLiteOpenHelper.java:160)
D/StrictMode(  428): 	at com.android.providers.telephony.MmsSmsDatabaseHelper.getWritableDatabase(MmsSmsDatabaseHelper.java:1348)
D/StrictMode(  428): 	at com.android.providers.telephony.MmsProvider.delete(MmsProvider.java:552)
D/StrictMode(  428): 	at android.content.ContentProvider$Transport.delete(ContentProvider.java:213)
D/StrictMode(  428): 	at android.content.ContentProviderNative.onTransact(ContentProviderNative.java:192)
D/StrictMode(  428): 	at android.os.Binder.execTransact(Binder.java:338)
D/StrictMode(  428): 	at dalvik.system.NativeStart.run(Native Method)
D/StrictMode(  428): # via Binder call with stack:
D/StrictMode(  428): android.os.StrictMode$LogStackTrace
D/StrictMode(  428): 	at android.os.StrictMode.readAndHandleBinderCallViolations(StrictMode.java:1602)
D/StrictMode(  428): 	at android.os.Parcel.readExceptionCode(Parcel.java:1309)
D/StrictMode(  428): 	at android.database.DatabaseUtils.readExceptionFromParcel(DatabaseUtils.java:132)
D/StrictMode(  428): 	at android.content.ContentProviderProxy.delete(ContentProviderNative.java:479)
D/StrictMode(  428): 	at android.content.ContentResolver.delete(ContentResolver.java:821)
D/StrictMode(  428): 	at android.database.sqlite.SqliteWrapper.delete(SqliteWrapper.java:90)
D/StrictMode(  428): 	at com.android.mms.drm.DrmUtils.cleanupStorage(DrmUtils.java:39)
D/StrictMode(  428): 	at com.android.mms.MmsApp.onCreate(MmsApp.java:72)
D/StrictMode(  428): 	at android.app.Instrumentation.callApplicationOnCreate(Instrumentation.java:969)
D/StrictMode(  428): 	at android.app.ActivityThread.handleBindApplication(ActivityThread.java:4440)
D/StrictMode(  428): 	at android.app.ActivityThread.access$1300(ActivityThread.java:126)
D/StrictMode(  428): 	at android.app.ActivityThread$H.handleMessage(ActivityThread.java:1272)
D/StrictMode(  428): 	at android.os.Handler.dispatchMessage(Handler.java:109)
D/StrictMode(  428): 	at android.os.Looper.loop(Looper.java:155)
D/StrictMode(  428): 	at android.app.ActivityThread.main(ActivityThread.java:4855)
D/StrictMode(  428): 	at java.lang.reflect.Method.invokeNative(Native Method)
D/StrictMode(  428): 	at java.lang.reflect.Method.invoke(Method.java:511)
D/StrictMode(  428): 	at com.android.internal.os.ZygoteInit$MethodAndArgsCaller.run(ZygoteInit.java:786)
D/StrictMode(  428): 	at com.android.internal.os.ZygoteInit.main(ZygoteInit.java:553)
D/StrictMode(  428): 	at dalvik.system.NativeStart.main(Native Method)
D/StrictMode(  428): StrictMode policy violation; ~duration=114 ms: android.os.StrictMode$StrictModeDiskReadViolation: policy=2967 violation=2
D/StrictMode(  428): 	at android.os.StrictMode$AndroidBlockGuardPolicy.onReadFromDisk(StrictMode.java:1074)
D/StrictMode(  428): 	at android.database.sqlite.SQLiteDatabase.rawQueryWithFactory(SQLiteDatabase.java:1565)
D/StrictMode(  428): 	at android.database.sqlite.SQLiteDatabase.rawQuery(SQLiteDatabase.java:1546)
D/StrictMode(  428): 	at com.android.providers.telephony.MmsSmsDatabaseHelper.hasAutoIncrement(MmsSmsDatabaseHelper.java:1399)
D/StrictMode(  428): 	at com.android.providers.telephony.MmsSmsDatabaseHelper.getWritableDatabase(MmsSmsDatabaseHelper.java:1352)
D/StrictMode(  428): 	at com.android.providers.telephony.MmsProvider.delete(MmsProvider.java:552)
D/StrictMode(  428): 	at android.content.ContentProvider$Transport.delete(ContentProvider.java:213)
D/StrictMode(  428): 	at android.content.ContentProviderNative.onTransact(ContentProviderNative.java:192)
D/StrictMode(  428): 	at android.os.Binder.execTransact(Binder.java:338)
D/StrictMode(  428): 	at dalvik.system.NativeStart.run(Native Method)
D/StrictMode(  428): # via Binder call with stack:
D/StrictMode(  428): android.os.StrictMode$LogStackTrace
D/StrictMode(  428): 	at android.os.StrictMode.readAndHandleBinderCallViolations(StrictMode.java:1602)
D/StrictMode(  428): 	at android.os.Parcel.readExceptionCode(Parcel.java:1309)
D/StrictMode(  428): 	at android.database.DatabaseUtils.readExceptionFromParcel(DatabaseUtils.java:132)
D/StrictMode(  428): 	at android.content.ContentProviderProxy.delete(ContentProviderNative.java:479)
D/StrictMode(  428): 	at android.content.ContentResolver.delete(ContentResolver.java:821)
D/StrictMode(  428): 	at android.database.sqlite.SqliteWrapper.delete(SqliteWrapper.java:90)
D/StrictMode(  428): 	at com.android.mms.drm.DrmUtils.cleanupStorage(DrmUtils.java:39)
D/StrictMode(  428): 	at com.android.mms.MmsApp.onCreate(MmsApp.java:72)
D/StrictMode(  428): 	at android.app.Instrumentation.callApplicationOnCreate(Instrumentation.java:969)
D/StrictMode(  428): 	at android.app.ActivityThread.handleBindApplication(ActivityThread.java:4440)
D/StrictMode(  428): 	at android.app.ActivityThread.access$1300(ActivityThread.java:126)
D/StrictMode(  428): 	at android.app.ActivityThread$H.handleMessage(ActivityThread.java:1272)
D/StrictMode(  428): 	at android.os.Handler.dispatchMessage(Handler.java:109)
D/StrictMode(  428): 	at android.os.Looper.loop(Looper.java:155)
D/StrictMode(  428): 	at android.app.ActivityThread.main(ActivityThread.java:4855)
D/StrictMode(  428): 	at java.lang.reflect.Method.invokeNative(Native Method)
D/StrictMode(  428): 	at java.lang.reflect.Method.invoke(Method.java:511)
D/StrictMode(  428): 	at com.android.internal.os.ZygoteInit$MethodAndArgsCaller.run(ZygoteInit.java:786)
D/StrictMode(  428): 	at com.android.internal.os.ZygoteInit.main(ZygoteInit.java:553)
D/StrictMode(  428): 	at dalvik.system.NativeStart.main(Native Method)
D/StrictMode(  428): StrictMode policy violation; ~duration=106 ms: android.os.StrictMode$StrictModeDiskReadViolation: policy=2967 violation=2
D/StrictMode(  428): 	at android.os.StrictMode$AndroidBlockGuardPolicy.onReadFromDisk(StrictMode.java:1074)
D/StrictMode(  428): 	at android.database.sqlite.SQLiteDatabase.rawQueryWithFactory(SQLiteDatabase.java:1565)
D/StrictMode(  428): 	at android.database.sqlite.SQLiteDatabase.queryWithFactory(SQLiteDatabase.java:1457)
D/StrictMode(  428): 	at android.database.sqlite.SQLiteDatabase.query(SQLiteDatabase.java:1413)
D/StrictMode(  428): 	at android.database.sqlite.SQLiteDatabase.query(SQLiteDatabase.java:1493)
D/StrictMode(  428): 	at com.android.providers.telephony.MmsProvider.deleteDataRows(MmsProvider.java:617)
D/StrictMode(  428): 	at com.android.providers.telephony.MmsProvider.deleteTempDrmData(MmsProvider.java:612)
D/StrictMode(  428): 	at com.android.providers.telephony.MmsProvider.delete(MmsProvider.java:561)
D/StrictMode(  428): 	at android.content.ContentProvider$Transport.delete(ContentProvider.java:213)
D/StrictMode(  428): 	at android.content.ContentProviderNative.onTransact(ContentProviderNative.java:192)
D/StrictMode(  428): 	at android.os.Binder.execTransact(Binder.java:338)
D/StrictMode(  428): 	at dalvik.system.NativeStart.run(Native Method)
D/StrictMode(  428): # via Binder call with stack:
D/StrictMode(  428): android.os.StrictMode$LogStackTrace
D/StrictMode(  428): 	at android.os.StrictMode.readAndHandleBinderCallViolations(StrictMode.java:1602)
D/StrictMode(  428): 	at android.os.Parcel.readExceptionCode(Parcel.java:1309)
D/StrictMode(  428): 	at android.database.DatabaseUtils.readExceptionFromParcel(DatabaseUtils.java:132)
D/StrictMode(  428): 	at android.content.ContentProviderProxy.delete(ContentProviderNative.java:479)
D/StrictMode(  428): 	at android.content.ContentResolver.delete(ContentResolver.java:821)
D/StrictMode(  428): 	at android.database.sqlite.SqliteWrapper.delete(SqliteWrapper.java:90)
D/StrictMode(  428): 	at com.android.mms.drm.DrmUtils.cleanupStorage(DrmUtils.java:39)
D/StrictMode(  428): 	at com.android.mms.MmsApp.onCreate(MmsApp.java:72)
D/StrictMode(  428): 	at android.app.Instrumentation.callApplicationOnCreate(Instrumentation.java:969)
D/StrictMode(  428): 	at android.app.ActivityThread.handleBindApplication(ActivityThread.java:4440)
D/StrictMode(  428): 	at android.app.ActivityThread.access$1300(ActivityThread.java:126)
D/StrictMode(  428): 	at android.app.ActivityThread$H.handleMessage(ActivityThread.java:1272)
D/StrictMode(  428): 	at android.os.Handler.dispatchMessage(Handler.java:109)
D/StrictMode(  428): 	at android.os.Looper.loop(Looper.java:155)
D/StrictMode(  428): 	at android.app.ActivityThread.main(ActivityThread.java:4855)
D/StrictMode(  428): 	at java.lang.reflect.Method.invokeNative(Native Method)
D/StrictMode(  428): 	at java.lang.reflect.Method.invoke(Method.java:511)
D/StrictMode(  428): 	at com.android.internal.os.ZygoteInit$MethodAndArgsCaller.run(ZygoteInit.java:786)
D/StrictMode(  428): 	at com.android.internal.os.ZygoteInit.main(ZygoteInit.java:553)
D/StrictMode(  428): 	at dalvik.system.NativeStart.main(Native Method)
V/AlarmClock(  279): AlarmInitReceiver finished
I/ActivityManager(   76): Start proc com.rhmsoft.fm:crash.feedback for broadcast com.rhmsoft.fm/.receiver.ConnectivityChangeBroadcastReceiver: pid=458 uid=10034 gids={3003, 1015}
I/dalvikvm(  458): Turning on JNI app bug workarounds for target SDK version 10...
